[0m14:52:18.099947 [debug] [MainThread]: Sending event: {'category': 'dbt', 'action': 'invocation', 'label': 'start', 'context': [<snowplow_tracker.self_describing_json.SelfDescribingJson object at 0x000001C72B810F10>, <snowplow_tracker.self_describing_json.SelfDescribingJson object at 0x000001C72EB6E350>, <snowplow_tracker.self_describing_json.SelfDescribingJson object at 0x000001C72EB6E650>]}


============================== 14:52:18.103951 | d9cec3bd-f999-4170-a300-52df5b72e58b ==============================
[0m14:52:18.103951 [info ] [MainThread]: Running with dbt=1.10.1
[0m14:52:18.104952 [debug] [MainThread]: running dbt with arguments {'printer_width': '80', 'indirect_selection': 'eager', 'write_json': 'True', 'log_cache_events': 'False', 'partial_parse': 'True', 'cache_selected_only': 'False', 'profiles_dir': 'C:\\Users\\Rockey\\.dbt', 'fail_fast': 'False', 'version_check': 'True', 'log_path': 'logs', 'warn_error': 'None', 'debug': 'False', 'use_colors': 'True', 'use_experimental_parser': 'False', 'empty': 'None', 'quiet': 'False', 'no_print': 'None', 'log_format': 'default', 'invocation_command': 'dbt init .', 'warn_error_options': 'WarnErrorOptionsV2(error=[], warn=[], silence=[])', 'introspect': 'True', 'target_path': 'None', 'static_parser': 'True', 'send_anonymous_usage_stats': 'True'}
[0m14:52:18.123969 [info ] [MainThread]: Creating dbt configuration folder at C:\Users\Rockey\.dbt
[0m14:53:30.908176 [debug] [MainThread]: Starter project path: C:\Users\Rockey\Documents\dbt-pojects\my_projects\brave_de_project\venv\Lib\site-packages\dbt\include\starter_project
[0m14:53:30.926192 [info ] [MainThread]: 
Your new dbt project "de_project" was created!

For more information on how to configure the profiles.yml file,
please consult the dbt documentation here:

  https://docs.getdbt.com/docs/configure-your-profile

One more thing:

Need help? Don't hesitate to reach out to us via GitHub issues or on Slack:

  https://community.getdbt.com/

Happy modeling!

[0m14:53:30.927192 [info ] [MainThread]: Setting up your profile.
[0m14:54:53.777658 [error] [MainThread]: Encountered an error:

[0m14:54:53.780651 [error] [MainThread]: Traceback (most recent call last):
  File "C:\Users\Rockey\Documents\dbt-pojects\my_projects\brave_de_project\venv\Lib\site-packages\dbt\cli\requires.py", line 161, in wrapper
    result, success = func(*args, **kwargs)
                      ^^^^^^^^^^^^^^^^^^^^^
  File "C:\Users\Rockey\Documents\dbt-pojects\my_projects\brave_de_project\venv\Lib\site-packages\dbt\cli\requires.py", line 111, in wrapper
    return func(*args, **kwargs)
           ^^^^^^^^^^^^^^^^^^^^^
  File "C:\Users\Rockey\Documents\dbt-pojects\my_projects\brave_de_project\venv\Lib\site-packages\dbt\cli\main.py", line 483, in init
    results = task.run()
              ^^^^^^^^^^
  File "C:\Users\Rockey\Documents\dbt-pojects\my_projects\brave_de_project\venv\Lib\site-packages\dbt\task\init.py", line 346, in run
    self.setup_profile(profile_name)
  File "C:\Users\Rockey\Documents\dbt-pojects\my_projects\brave_de_project\venv\Lib\site-packages\dbt\task\init.py", line 262, in setup_profile
    self.create_profile_from_target(adapter, profile_name=profile_name)
  File "C:\Users\Rockey\Documents\dbt-pojects\my_projects\brave_de_project\venv\Lib\site-packages\dbt\task\init.py", line 179, in create_profile_from_target
    self.create_profile_from_profile_template(profile_template, profile_name)
  File "C:\Users\Rockey\Documents\dbt-pojects\my_projects\brave_de_project\venv\Lib\site-packages\dbt\task\init.py", line 163, in create_profile_from_profile_template
    target = self.generate_target_from_input(prompts, initial_target)
             ^^^^^^^^^^^^^^^^^^^^^^^^^^^^^^^^^^^^^^^^^^^^^^^^^^^^^^^^
  File "C:\Users\Rockey\Documents\dbt-pojects\my_projects\brave_de_project\venv\Lib\site-packages\dbt\task\init.py", line 129, in generate_target_from_input
    target[key] = click.prompt(
                  ^^^^^^^^^^^^^
  File "C:\Users\Rockey\Documents\dbt-pojects\my_projects\brave_de_project\venv\Lib\site-packages\click\termui.py", line 168, in prompt
    value = prompt_func(prompt)
            ^^^^^^^^^^^^^^^^^^^
  File "C:\Users\Rockey\Documents\dbt-pojects\my_projects\brave_de_project\venv\Lib\site-packages\click\termui.py", line 151, in prompt_func
    raise Abort() from None
click.exceptions.Abort

[0m14:54:53.783654 [debug] [MainThread]: Command `dbt init` failed at 14:54:53.783654 after 155.75 seconds
[0m14:54:53.783654 [debug] [MainThread]: Sending event: {'category': 'dbt', 'action': 'invocation', 'label': 'end', 'context': [<snowplow_tracker.self_describing_json.SelfDescribingJson object at 0x000001C72EB7C750>, <snowplow_tracker.self_describing_json.SelfDescribingJson object at 0x000001C72844DAD0>, <snowplow_tracker.self_describing_json.SelfDescribingJson object at 0x000001C72EBDBD10>]}
[0m14:54:53.784655 [debug] [MainThread]: Flushing usage events
[0m14:54:53.937183 [debug] [MainThread]: An error was encountered while trying to flush usage events
[0m15:06:08.558050 [debug] [MainThread]: Sending event: {'category': 'dbt', 'action': 'invocation', 'label': 'start', 'context': [<snowplow_tracker.self_describing_json.SelfDescribingJson object at 0x00000204C2CA0F50>, <snowplow_tracker.self_describing_json.SelfDescribingJson object at 0x00000204C5C74A50>, <snowplow_tracker.self_describing_json.SelfDescribingJson object at 0x00000204C601F710>]}


============================== 15:06:08.562054 | 11dc998f-4f25-449f-be2b-c6ecd6f1e6d1 ==============================
[0m15:06:08.562054 [info ] [MainThread]: Running with dbt=1.10.1
[0m15:06:08.563055 [debug] [MainThread]: running dbt with arguments {'printer_width': '80', 'indirect_selection': 'eager', 'log_cache_events': 'False', 'write_json': 'True', 'partial_parse': 'True', 'cache_selected_only': 'False', 'profiles_dir': 'C:\\Users\\Rockey\\.dbt', 'fail_fast': 'False', 'warn_error': 'None', 'log_path': 'logs', 'version_check': 'True', 'debug': 'False', 'use_colors': 'True', 'use_experimental_parser': 'False', 'empty': 'None', 'quiet': 'False', 'no_print': 'None', 'warn_error_options': 'WarnErrorOptionsV2(error=[], warn=[], silence=[])', 'introspect': 'True', 'static_parser': 'True', 'invocation_command': 'dbt deps', 'target_path': 'None', 'log_format': 'default', 'send_anonymous_usage_stats': 'True'}
[0m15:06:08.564056 [error] [MainThread]: Encountered an error:
Runtime Error
  No dbt_project.yml found at expected path C:\Users\Rockey\Documents\dbt-pojects\my_projects\brave_de_project\dbt_project.yml
  Verify that each entry within packages.yml (and their transitive dependencies) contains a file named dbt_project.yml
  
[0m15:06:08.565057 [debug] [MainThread]: Command `dbt deps` failed at 15:06:08.565057 after 0.08 seconds
[0m15:06:08.566057 [debug] [MainThread]: Sending event: {'category': 'dbt', 'action': 'invocation', 'label': 'end', 'context': [<snowplow_tracker.self_describing_json.SelfDescribingJson object at 0x00000204C608B950>, <snowplow_tracker.self_describing_json.SelfDescribingJson object at 0x00000204C608F890>, <snowplow_tracker.self_describing_json.SelfDescribingJson object at 0x00000204BF9ADA50>]}
[0m15:06:08.566057 [debug] [MainThread]: Flushing usage events
[0m15:06:08.740215 [debug] [MainThread]: An error was encountered while trying to flush usage events
[0m15:06:24.093502 [debug] [MainThread]: Sending event: {'category': 'dbt', 'action': 'invocation', 'label': 'start', 'context': [<snowplow_tracker.self_describing_json.SelfDescribingJson object at 0x0000023B2C0EF450>, <snowplow_tracker.self_describing_json.SelfDescribingJson object at 0x0000023B2C0EF610>, <snowplow_tracker.self_describing_json.SelfDescribingJson object at 0x0000023B2C15B3D0>]}


============================== 15:06:24.097506 | 01270d04-ed67-4821-ad5d-96bd0c10bedf ==============================
[0m15:06:24.097506 [info ] [MainThread]: Running with dbt=1.10.1
[0m15:06:24.098507 [debug] [MainThread]: running dbt with arguments {'printer_width': '80', 'indirect_selection': 'eager', 'log_cache_events': 'False', 'write_json': 'True', 'partial_parse': 'True', 'cache_selected_only': 'False', 'profiles_dir': 'C:\\Users\\Rockey\\.dbt', 'fail_fast': 'False', 'version_check': 'True', 'log_path': 'logs', 'debug': 'False', 'warn_error': 'None', 'use_colors': 'True', 'use_experimental_parser': 'False', 'empty': 'None', 'quiet': 'False', 'no_print': 'None', 'warn_error_options': 'WarnErrorOptionsV2(error=[], warn=[], silence=[])', 'invocation_command': 'dbt debug', 'static_parser': 'True', 'log_format': 'default', 'target_path': 'None', 'introspect': 'True', 'send_anonymous_usage_stats': 'True'}
[0m15:06:24.118525 [info ] [MainThread]: dbt version: 1.10.1
[0m15:06:24.119526 [info ] [MainThread]: python version: 3.11.1
[0m15:06:24.120528 [info ] [MainThread]: python path: C:\Users\Rockey\Documents\dbt-pojects\my_projects\brave_de_project\venv\Scripts\python.exe
[0m15:06:24.120528 [info ] [MainThread]: os info: Windows-10-10.0.19045-SP0
[0m15:06:24.542911 [info ] [MainThread]: Using profiles dir at C:\Users\Rockey\.dbt
[0m15:06:24.543912 [info ] [MainThread]: Using profiles.yml file at C:\Users\Rockey\.dbt\profiles.yml
[0m15:06:24.543912 [info ] [MainThread]: Using dbt_project.yml file at C:\Users\Rockey\Documents\dbt-pojects\my_projects\brave_de_project\dbt_project.yml
[0m15:06:24.544914 [info ] [MainThread]: adapter type: snowflake
[0m15:06:24.545914 [info ] [MainThread]: adapter version: 1.9.4
[0m15:06:24.546914 [info ] [MainThread]: Configuration:
[0m15:06:24.546914 [info ] [MainThread]:   profiles.yml file [[32mOK found and valid[0m]
[0m15:06:24.547916 [info ] [MainThread]:   dbt_project.yml file [[31mERROR not found[0m]
[0m15:06:24.547916 [info ] [MainThread]: Required dependencies:
[0m15:06:24.548917 [debug] [MainThread]: Executing "git --help"
[0m15:06:24.603966 [debug] [MainThread]: STDOUT: "b"usage: git [-v | --version] [-h | --help] [-C <path>] [-c <name>=<value>]\n           [--exec-path[=<path>]] [--html-path] [--man-path] [--info-path]\n           [-p | --paginate | -P | --no-pager] [--no-replace-objects] [--bare]\n           [--git-dir=<path>] [--work-tree=<path>] [--namespace=<name>]\n           [--config-env=<name>=<envvar>] <command> [<args>]\n\nThese are common Git commands used in various situations:\n\nstart a working area (see also: git help tutorial)\n   clone     Clone a repository into a new directory\n   init      Create an empty Git repository or reinitialize an existing one\n\nwork on the current change (see also: git help everyday)\n   add       Add file contents to the index\n   mv        Move or rename a file, a directory, or a symlink\n   restore   Restore working tree files\n   rm        Remove files from the working tree and from the index\n\nexamine the history and state (see also: git help revisions)\n   bisect    Use binary search to find the commit that introduced a bug\n   diff      Show changes between commits, commit and working tree, etc\n   grep      Print lines matching a pattern\n   log       Show commit logs\n   show      Show various types of objects\n   status    Show the working tree status\n\ngrow, mark and tweak your common history\n   branch    List, create, or delete branches\n   commit    Record changes to the repository\n   merge     Join two or more development histories together\n   rebase    Reapply commits on top of another base tip\n   reset     Reset current HEAD to the specified state\n   switch    Switch branches\n   tag       Create, list, delete or verify a tag object signed with GPG\n\ncollaborate (see also: git help workflows)\n   fetch     Download objects and refs from another repository\n   pull      Fetch from and integrate with another repository or a local branch\n   push      Update remote refs along with associated objects\n\n'git help -a' and 'git help -g' list available subcommands and some\nconcept guides. See 'git help <command>' or 'git help <concept>'\nto read about a specific subcommand or concept.\nSee 'git help git' for an overview of the system.\n""
[0m15:06:24.603966 [debug] [MainThread]: STDERR: "b''"
[0m15:06:24.604967 [info ] [MainThread]:  - git [[32mOK found[0m]

[0m15:06:24.604967 [info ] [MainThread]: Connection:
[0m15:06:24.605969 [info ] [MainThread]:   account: <your-account>.snowflakecomputing.com
[0m15:06:24.605969 [info ] [MainThread]:   user: <your_user>
[0m15:06:24.606969 [info ] [MainThread]:   database: <your_database>
[0m15:06:24.607970 [info ] [MainThread]:   warehouse: <your_warehouse>
[0m15:06:24.607970 [info ] [MainThread]:   role: <your_role>
[0m15:06:24.608971 [info ] [MainThread]:   schema: <your_schema>
[0m15:06:24.608971 [info ] [MainThread]:   authenticator: None
[0m15:06:24.609972 [info ] [MainThread]:   oauth_client_id: None
[0m15:06:24.610973 [info ] [MainThread]:   query_tag: None
[0m15:06:24.610973 [info ] [MainThread]:   client_session_keep_alive: False
[0m15:06:24.611975 [info ] [MainThread]:   host: None
[0m15:06:24.611975 [info ] [MainThread]:   port: None
[0m15:06:24.612975 [info ] [MainThread]:   proxy_host: None
[0m15:06:24.613976 [info ] [MainThread]:   proxy_port: None
[0m15:06:24.613976 [info ] [MainThread]:   protocol: None
[0m15:06:24.614978 [info ] [MainThread]:   connect_retries: 1
[0m15:06:24.615978 [info ] [MainThread]:   connect_timeout: None
[0m15:06:24.615978 [info ] [MainThread]:   retry_on_database_errors: False
[0m15:06:24.616980 [info ] [MainThread]:   retry_all: False
[0m15:06:24.616980 [info ] [MainThread]:   insecure_mode: False
[0m15:06:24.617981 [info ] [MainThread]:   reuse_connections: True
[0m15:06:24.618980 [info ] [MainThread]: Registered adapter: snowflake=1.9.4
[0m15:06:25.228534 [debug] [MainThread]: Acquiring new snowflake connection 'debug'
[0m15:06:25.329626 [debug] [MainThread]: Using snowflake connection "debug"
[0m15:06:25.330627 [debug] [MainThread]: On debug: select 1 as id
[0m15:06:25.330627 [debug] [MainThread]: Opening a new connection, currently in state init
[0m15:06:26.347581 [debug] [MainThread]: Snowflake adapter: Error running SQL: select 1 as id
[0m15:06:26.347581 [debug] [MainThread]: Snowflake adapter: Rolling back transaction.
[0m15:06:26.348582 [info ] [MainThread]:   Connection test: [[31mERROR[0m]

[0m15:06:26.349583 [info ] [MainThread]: [31m2 checks failed:[0m
[0m15:06:26.349583 [info ] [MainThread]: Project loading failed for the following reason:
 project path <C:\Users\Rockey\Documents\dbt-pojects\my_projects\brave_de_project\dbt_project.yml> not found

[0m15:06:26.350584 [info ] [MainThread]: dbt was unable to connect to the specified database.
The database returned the following error:

  >Database Error
  250001: Could not connect to Snowflake backend after 2 attempt(s).Aborting

Check your database credentials and try again. For more information, visit:
https://docs.getdbt.com/docs/configure-your-profile


[0m15:06:26.352586 [debug] [MainThread]: Command `dbt debug` failed at 15:06:26.352586 after 2.33 seconds
[0m15:06:26.352586 [debug] [MainThread]: Connection 'debug' was left open.
[0m15:06:26.353587 [debug] [MainThread]: On debug: No close available on handle
[0m15:06:26.353587 [debug] [MainThread]: Sending event: {'category': 'dbt', 'action': 'invocation', 'label': 'end', 'context': [<snowplow_tracker.self_describing_json.SelfDescribingJson object at 0x0000023B2C0ED5D0>, <snowplow_tracker.self_describing_json.SelfDescribingJson object at 0x0000023B2E40AA10>, <snowplow_tracker.self_describing_json.SelfDescribingJson object at 0x0000023B2E409910>]}
[0m15:06:26.354588 [debug] [MainThread]: Flushing usage events
[0m15:06:26.578852 [debug] [MainThread]: An error was encountered while trying to flush usage events
